__ldb_mmu
__ldl_mmu
__ldq_mmu
__ldw_mmu
__op_gen_label1
__op_param1
__op_param2
__op_param3
__stb_mmu
__stl_mmu
__stq_mmu
__stw_mmu
approx_rcp
approx_rsqrt
check_iob_DX
check_iob_T0
check_iol_DX
check_iol_T0
check_iow_DX
check_iow_T0
cpu_get_apic_tpr
cpu_inb
cpu_inl
cpu_inw
cpu_lock
cpu_loop_exit
cpu_outb
cpu_outl
cpu_outw
cpu_unlock
f15rk
float32_compare
float32_compare_quiet
float32_sqrt
float32_to_float64
float32_to_int32
float32_to_int32_round_to_zero
float64_compare
float64_compare_quiet
float64_sqrt
float64_to_float32
float64_to_int32
float64_to_int32_round_to_zero
floatx80_compare
floatx80_compare_quiet
floatx80_to_int32
floatx80_to_int32_round_to_zero
floatx80_to_int64
floatx80_to_int64_round_to_zero
fpu_raise_exception
helper_cmpxchg8b
helper_cpuid
helper_divl_EAX_T0
helper_enter_level
helper_external_event
helper_f2xm1
helper_fbld_ST0_A0
helper_fbst_ST0_A0
helper_fcos
helper_fdiv
helper_fldenv
helper_fldt_ST0_A0
helper_fpatan
helper_fprem
helper_fprem1
helper_fptan
helper_frndint
helper_frstor
helper_fsave
helper_fscale
helper_fsin
helper_fsincos
helper_fsqrt
helper_fstenv
helper_fstt_ST0_A0
helper_fxam_ST0
helper_fxrstor
helper_fxsave
helper_fxtract
helper_fyl2x
helper_fyl2xp1
helper_hlt
helper_idivl_EAX_T0
helper_invlpg
helper_iret_protected
helper_iret_real
helper_lar
helper_lcall_protected_T0_T1
helper_lcall_real_T0_T1
helper_ljmp_protected_T0_T1
helper_lldt_T0
helper_lret_protected
helper_lsl
helper_ltr_T0
helper_monitor
helper_movl_crN_T0
helper_movl_drN_T0
helper_mwait
helper_record_call
helper_rdmsr
helper_rdtsc
helper_rsm
helper_sysenter
helper_sysexit
helper_verr
helper_verw
helper_wrmsr
int32_to_float32
int32_to_float64
load_seg
parity_table
raise_exception
raise_interrupt
rclb_table
rclw_table
remR3PhysReadS16
remR3PhysReadS8
remR3PhysReadU16
remR3PhysReadU32
remR3PhysReadU64
remR3PhysReadU8
remR3PhysWriteU16
remR3PhysWriteU32
remR3PhysWriteU64
remR3PhysWriteU8
remR3PhysReadHCPtrS16
remR3PhysReadHCPtrS8
remR3PhysReadHCPtrU16
remR3PhysReadHCPtrU32
remR3PhysReadHCPtrU64
remR3PhysReadHCPtrU8
remR3PhysWriteHCPtrU16
remR3PhysWriteHCPtrU32
remR3PhysWriteHCPtrU64
remR3PhysWriteHCPtrU8
sync_seg
update_fp_status
fabsl
nocrt_fabsl
